// Jest Snapshot v1, https://goo.gl/fbAQLP

exports[`SubmitButton should match snapshot 1`] = `
<button
  className="btn btn-default default"
  disabled={true}
  type="submit"
>
   
  Submit
</button>
`;
