// Jest Snapshot v1, https://goo.gl/fbAQLP

exports[`BikesTableForRating should match snapshot 1`] = `
<div>
  <table
    className="table table-hover"
    id="BikesTable"
  >
    <thead>
      <tr>
        <th>
          Image
        </th>
        <th>
          Model
        </th>
        <th>
          Color
        </th>
        <th>
          Weight
        </th>
        <th>
          Number of Rides
        </th>
        <th
          className="text-center"
        >
          Rate
        </th>
      </tr>
    </thead>
    <tbody>
      <tr>
        <td>
          <p>
            No image available
          </p>
        </td>
        <td>
          as
        </td>
        <td>
          red
        </td>
        <td />
        <td />
        <td>
          <div
            className="dv-star-rating"
            style={
              Object {
                "display": "inline-block",
                "position": "relative",
              }
            }
          >
            <input
              checked={false}
              className="dv-star-rating-input"
              id="aa_5"
              name="aa"
              onChange={[Function]}
              style={
                Object {
                  "display": "none",
                  "marginLeft": -9999,
                  "position": "absolute",
                }
              }
              type="radio"
              value={5}
            />
            <label
              className="dv-star-rating-star dv-star-rating-empty-star"
              htmlFor="aa_5"
              onClick={[Function]}
              onMouseLeave={[Function]}
              onMouseOver={[Function]}
              style={
                Object {
                  "color": "#333",
                  "cursor": "pointer",
                  "float": "right",
                }
              }
            >
              <i
                style={
                  Object {
                    "fontStyle": "normal",
                  }
                }
              >
                ★
              </i>
            </label>
            <input
              checked={true}
              className="dv-star-rating-input"
              id="aa_4"
              name="aa"
              onChange={[Function]}
              style={
                Object {
                  "display": "none",
                  "marginLeft": -9999,
                  "position": "absolute",
                }
              }
              type="radio"
              value={4}
            />
            <label
              className="dv-star-rating-star dv-star-rating-full-star"
              htmlFor="aa_4"
              onClick={[Function]}
              onMouseLeave={[Function]}
              onMouseOver={[Function]}
              style={
                Object {
                  "color": "#ffb400",
                  "cursor": "pointer",
                  "float": "right",
                }
              }
            >
              <i
                style={
                  Object {
                    "fontStyle": "normal",
                  }
                }
              >
                ★
              </i>
            </label>
            <input
              checked={false}
              className="dv-star-rating-input"
              id="aa_3"
              name="aa"
              onChange={[Function]}
              style={
                Object {
                  "display": "none",
                  "marginLeft": -9999,
                  "position": "absolute",
                }
              }
              type="radio"
              value={3}
            />
            <label
              className="dv-star-rating-star dv-star-rating-full-star"
              htmlFor="aa_3"
              onClick={[Function]}
              onMouseLeave={[Function]}
              onMouseOver={[Function]}
              style={
                Object {
                  "color": "#ffb400",
                  "cursor": "pointer",
                  "float": "right",
                }
              }
            >
              <i
                style={
                  Object {
                    "fontStyle": "normal",
                  }
                }
              >
                ★
              </i>
            </label>
            <input
              checked={false}
              className="dv-star-rating-input"
              id="aa_2"
              name="aa"
              onChange={[Function]}
              style={
                Object {
                  "display": "none",
                  "marginLeft": -9999,
                  "position": "absolute",
                }
              }
              type="radio"
              value={2}
            />
            <label
              className="dv-star-rating-star dv-star-rating-full-star"
              htmlFor="aa_2"
              onClick={[Function]}
              onMouseLeave={[Function]}
              onMouseOver={[Function]}
              style={
                Object {
                  "color": "#ffb400",
                  "cursor": "pointer",
                  "float": "right",
                }
              }
            >
              <i
                style={
                  Object {
                    "fontStyle": "normal",
                  }
                }
              >
                ★
              </i>
            </label>
            <input
              checked={false}
              className="dv-star-rating-input"
              id="aa_1"
              name="aa"
              onChange={[Function]}
              style={
                Object {
                  "display": "none",
                  "marginLeft": -9999,
                  "position": "absolute",
                }
              }
              type="radio"
              value={1}
            />
            <label
              className="dv-star-rating-star dv-star-rating-full-star"
              htmlFor="aa_1"
              onClick={[Function]}
              onMouseLeave={[Function]}
              onMouseOver={[Function]}
              style={
                Object {
                  "color": "#ffb400",
                  "cursor": "pointer",
                  "float": "right",
                }
              }
            >
              <i
                style={
                  Object {
                    "fontStyle": "normal",
                  }
                }
              >
                ★
              </i>
            </label>
          </div>
          <p>
            4
             
            <span>
                Stars  
            </span>
          </p>
        </td>
      </tr>
    </tbody>
  </table>
</div>
`;
